Land-Rover cu numarul DJ541SB: numar invalid
DAF cu numarul HHHFW8PB: numar invalid
Jaguar cu numarul YNGR9XJ: numar invalid
Kenworth cu numarul K500Y92K: numar invalid
Kia cu numarul P100W4W: numar invalid
Yamaha cu numarul XKOYL0: numar invalid
Opel cu numarul J2ICQ0: numar invalid
JAC-Motors cu numarul CXGY3K: numar invalid
Rolls-Royce cu numarul DL2N577: numar invalid
Tesla cu numarul C038YF: numar invalid
