e  an    rm  i in ri gu gl at r  ea on av a  an dg sd  a nt  b no  a Ardaa 
u gl at r  ea on av a  an dg sd  a nt  b no  a Ardaa I  ER    VQ  M MR VM K
c  Y Yd hY Wu gl at r  ea on av a  an dg sd  a nt  b no  a Ardaa I  ER    V
a ct ra    uhrn  E     Y  sIan Yd aaRaoV  d  d tog ad v  n Yb ea    lWagn  A
