viqaszdrfgvbhiklmgrsxdfyujnmoliugfdertghbnkujhgfcdfghjiiuhgtyhjkoiujhgfdrtghjiuhgf
kjiviqaszdrfgvbhiklmgrsxdfyujnmoliugfdertghbnkujhgfcdfghjiiuhgtyhjkoiujhgfdrtghjiu
lnmykjiviqaszdrfgvbhiklmgrsxdfyujnmoliugfdertghbnkujhgfcdfghjiiuhgtyhjkoiujhgfdrtg
kiwyllnmykjiviqaszdrfgvbhiklmgrsxdfyujnmoliugfdertghbnkujhgfcdfghjiiuhgtyhjkoiujhg
uoApnmkiwyllnmykjiviqaszdrfgvbhiklmgrsxdfyujnmoliugfdertghbnkujhgfcdfghjiiuhgtyhjk
onAFoqruoApnmkiwyllnmykjiviqaszdrfgvbhiklmgrsxdfyujnmoliugfdertghbnkujhgfcdfghjiiu
lnoprqqConAFoqruoApnmkiwyllnmykjiviqaszdrfgvbhiklmgrsxdfyujnmoliugfdertghbnkujhgfc
stGIvwqCzJywvurlnoprqqConAFoqruoApnmkiwyllnmykjiviqaszdrfgvbhiklmgrsxdfyujnmoliugf
HINtvOKzDCEByKwvstGIvwqCzJywvurlnoprqqConAFoqruoApnmkiwyllnmykjiviqaszdrfgvbhiklmg
zHrJQuIwxMsyzBCDxHINtvOKzDCEByKwvstGIvwqCzJywvurlnoprqqConAFoqruoApnmkiwyllnmykjiv
LOIUJHGECQSFFHGSEDCPzHrJQuIwxMsyzBCDxHINtvOKzDCEByKwvstGIvwqCzJywvurlnoprqqConAFoq
UeTRQPMGIJKMLLXJIVaJLLOIUJHGECQSFFHGSEDCPzHrJQuIwxMsyzBCDxHINtvOKzDCEByKwvstGIvwqC
jPRkgVZYaXUgSROPceRSMYUeTRQPMGIJKMLLXJIVaJLLOIUJHGECQSFFHGSEDCPzHrJQuIwxMsyzBCDxHI
baZmWeOgnRfTUjPVWYZaUefjPRkgVZYaXUgSROPceRSMYUeTRQPMGIJKMLLXJIVaJLLOIUJHGECQSFFHGS
jvhgtyhjjmgshfecaoqddfeqbaZmWeOgnRfTUjPVWYZaUefjPRkgVZYaXUgSROPceRSMYUeTRQPMGIJKML
