htr uoir rt a  ul  f no an Tnoitumy m  tbys  eu aa  u ef  n ge ct 
t eu a mfl grau b rt tue iuho oTafyc st n in    u  ro n   mn teay 
 e  uugf bt e  rnelT  anfootu ah t a iyui  o ac  snm rtn u m  try 
enauo  tnny  fclitbhrt t a  a utsT r  y o gun aurimf m o    eu e  
nt o r Toiyea abo ntmys nu e n  ih erg uau amfr l  t ftu c  t u   
t f  lehuo t nrnaui fyito  nsmre tu m  ou     ecbg Tntya ar  u a  
 t   bttaa  foeiu oet  yurnti lng  af    ces n an  hmTy  rmruou u 
tyn nn   u u u o uanT gyalm   bt ec teu rati oari rt h s efm  of  
yyonmiues u naaarouth    b tg n  nafTt  lr  ru eoem  t i  tfu   c 
y um o nir uo  ul   tu  sn y ritetr h cnbeugmaf atfe     aTto  na 
  a  aut lcousf b rt  e ii y moyt entuamn   f  au tnreug  hT n or 
     uo gba ai rn lyectu or efay t o  r iau tsn  uTtmn   fth mnue 
 us r  t nr   nlinbyna  gam ttu uyaueue o oeTiofr h ftc    t  ma  
u irmr y ie sgobomn truc uf  T   y ano  af th u luttt ae ne n   a 
 c mfl yeo ni una i  e a  tuuhr u f t aru   tganbo yTtrt onem  s  
cagftbn taam  aiu o t urerT  tluo  s   m n u   on eyhye  utn r if 
ar tTnm  u  ge o  auyaoetlhcu b   nit ffron e sui n ty u a t mr   
re Thi  u f  tsarru y    btaoenc uo yn tlumuneiao t   a   t  fmgn 
e ehto u r    iulm c f aun r nia  ugymnTba ott  an  e  u sytrtf o 
 att a  ulnreu  bfra     iee tornca   ohn     gsumtun fo iyymTt u 
a   eurcobomt grntlr nnfuon   aema    utis  tu i  y tu     yfhTea 
 fuen ma nuf u liTbeuom oatantu  rse  a oir y   r yc  n  g  ttht  
f  ntrfr iatuo bohn  u n u  my a eitur ea mnyuegl  atco     T t s 
 nut lte o T  enatiaca o  tf yr      msnugfm ot br ryaun  u he ui 
noo tbT nashu tiu o a  u ry   lfragucfit  t     nm eyram e utne   
ou tynhamuito  o eafrsranlyn  b m   at  r T   ueifu  e   tc  tnug 
ua yyit      nuarnu eim mb or nnff urTgtleh u  tot a  s   ace to  
a  y o f rge m ult n  fs n umuiot eoeh ybttr nu aTc  ai  urant    
 sn  ae  l n  u b roagti i af ouTnt  t yn  mcmouuhafu  r  ertyt e 
sim  unnrb tn orntlu  T  ou tcaaho  a e iuefa    tr  fgm u e yy t 
i   u tomne m  liybaf hgra sTau tuu  et o ntr  ur enc  f oa t yn  
 g u r ufitt r boyn  et mucihr s a nfn  autTe  ole oan t   ay  mu 
g   cltato y m na isnt  f a terie um tuuuo h rn bnauroeT  f y     
  rcaby Tauy fniu oio eetrrg  l nso n     ttamm nt aeuth   f u  u 
 emarnyshu  rtmo  a uuntTle eabgti  otucr y  f  i f  a t nn   u o 
etfrei it u mT aruuga t hb  n n     uyoal yeft not sa u  mon c r  
t te o   ro fh ul    u utnaetfi tg ray rbn n T mayni s e  uouacm  
 uT aa gel utt  bcr sot  i t  oey nm   enm tnhr uyo fiun  au raf  
